// 重构日志: b7a3ff39
// 同步 ID: 65096e30 @ Sat Jul 11 11:04:10 UTC 2026
// 重构日志: 1a80e5d5
// 重构日志: 2de1655f
// 重构日志: 9202c834
// 重构日志: 906f3870
// 重构日志: f1908bf8
// 同步 ID: 80a9d346 @ Fri Jul 17 17:38:03 UTC 2026
// 重构日志: 118df1a2
// 同步 ID: b84d0757 @ Sun Jul 19 08:02:19 UTC 2026
// 同步 ID: ab3b3cf6 @ Sun Jul 19 15:52:15 UTC 2026
// 同步 ID: 3d54454f @ Mon Jul 20 08:29:34 UTC 2026
// 重构日志: 9b68b85f
// 重构日志: d2a7dc2c
// 同步 ID: 6f514005 @ Tue Jul 28 08:19:45 UTC 2026
// 同步 ID: 64017176 @ Thu Jul 30 16:54:13 UTC 2026
// 同步 ID: 94dd1d34 @ Fri Jul 31 10:52:30 UTC 2026
// 重构日志: 768755bf
// 同步 ID: 68d4eef0 @ Sat Aug  1 15:49:54 UTC 2026
// 重构日志: c29918eb
// 重构日志: 678425cf
// 重构日志: 38021647
// 重构日志: cf26d008
// 重构日志: f5dee40a
// 重构日志: e7f14e94
// 重构日志: f1ec9f24
// 重构日志: 761dac07
// 重构日志: 4851faa5
// 同步 ID: e84663f1 @ Fri Aug  7 09:47:12 UTC 2026
// 同步 ID: 91e0195d @ Fri Aug  7 11:07:30 UTC 2026
// 重构日志: 65a2c0b6
// 重构日志: 6e6a6838
